// Vitest Snapshot v1

exports[`<FormLabel/> > should render component 1`] = `
<div>
  <label
    class="_container_co5yv_1"
    for="name"
  >
    Name
  </label>
</div>
`;
